interactions:
- request:
    body: '{"startAddress": "2.117.113.130", "endAddress": "2.117.113.135", "parentId":
      "01dd9d37-b0fe-3014-a17a-7db042383a00", "annotations": {}}'
    headers:
      Accept:
      - '*/*'
      Accept-Encoding:
      - gzip, deflate
      Authorization:
      - bearer wwwwwwwwwwwwwwwwwwwwwwwwwwwww
      Connection:
      - keep-alive
      Content-Length:
      - '135'
      Content-Type:
      - application/json
      User-Agent:
      - 'Xpanse SDK/1.0.12 (Darwin Kernel Version 19.6.0: Tue Oct 12 18:34:05 PDT
        2021; root:xnu-6153.141.43~1/RELEASE_X86_64) Python/3.9.6 Xpanse'
    method: POST
    uri: https://api.expander.expanse.co/api/v2/ip-range
  response:
    body:
      string: '{"id":"619bec86-f8f1-41ad-b371-9945e271ef80","created":"2021-11-22","modified":"2021-11-22","ipVersion":"4","startAddress":"2.117.113.130","endAddress":"2.117.113.135","businessUnits":[{"id":"a1f0f39b-f358-3c8c-947b-926887871b88","name":"VanDelay
        Import-Export","tenantId":"04b5140e-bbe2-3e9c-9318-a39a3b547ed5"}],"rangeSize":6,"responsiveIpCount":0,"rangeIntroduced":"2021-11-22","rangeType":"custom","annotations":null,"severityCounts":null,"attributionReasons":null,"relatedRegistrationInformation":null,"locationInformation":null,"parentId":"01dd9d37-b0fe-3014-a17a-7db042383a00","customChildRanges":[]}'
    headers:
      Cache-Control:
      - no-cache, no-store, max-age=0, must-revalidate
      Connection:
      - keep-alive
      Content-Length:
      - '607'
      Content-Security-Policy:
      - 'default-src ''none''; connect-src ''self'' https://*.auth0.com https://www.google-analytics.com
        https://qadium-prod-django-staticfiles-us-west-2.s3.amazonaws.com https://api.rollbar.com;
        frame-src ''self'' https://qadium.auth0.com; font-src ''self'' data: https://qadium-prod-django-staticfiles-us-west-2.s3.amazonaws.com
        https://fonts.gstatic.com https://*.auth0.com; img-src ''self'' data: https://api.mapbox.com
        https://api.tiles.mapbox.com https://www.google-analytics.com https://www.gravatar.com
        https://online.swagger.io https://cdn.auth0.com; script-src ''self'' https://qadium-prod-django-staticfiles-us-west-2.s3.amazonaws.com
        https://cdnjs.cloudflare.com https://unpkg.com https://cdn.polyfill.io https://cdn.rollbar.com
        https://*.duosecurity.com https://*.googleapis.com https://www.google-analytics.com
        https://*.auth0.com; style-src ''self'' blob: https://qadium-prod-django-staticfiles-us-west-2.s3.amazonaws.com
        https://cdnjs.cloudflare.com https://fonts.googleapis.com ''unsafe-inline'';
        frame-ancestors https://*.mil http://localhost'
      Content-Type:
      - application/json;charset=UTF-8
      Date:
      - Mon, 22 Nov 2021 22:07:03 GMT
      Expires:
      - '0'
      Pragma:
      - no-cache
      Referrer-Policy:
      - same-origin
      Set-Cookie:
      - JSESSIONID=5BEE7C89E8A3E8F6259438AC76EA229C; Path=/; HttpOnly
      Strict-Transport-Security:
      - '"max-age=31536000; includeSubDomains" always'
      X-Content-Type-Options:
      - nosniff
      X-Frame-Options:
      - DENY
      X-XSS-Protection:
      - 1; mode=block
    status:
      code: 201
      message: ''
- request:
    body: '{"ipRangeIds": ["619bec86-f8f1-41ad-b371-9945e271ef80"], "tags": ["sdk_test_cc"]}'
    headers:
      Accept:
      - '*/*'
      Accept-Encoding:
      - gzip, deflate
      Authorization:
      - bearer wwwwwwwwwwwwwwwwwwwwwwwwwwwww
      Connection:
      - keep-alive
      Content-Length:
      - '81'
      Content-Type:
      - application/json
      Cookie:
      - JSESSIONID=5BEE7C89E8A3E8F6259438AC76EA229C
      User-Agent:
      - 'Xpanse SDK/1.0.12 (Darwin Kernel Version 19.6.0: Tue Oct 12 18:34:05 PDT
        2021; root:xnu-6153.141.43~1/RELEASE_X86_64) Python/3.9.6 Xpanse'
    method: POST
    uri: https://api.expander.expanse.co/api/v2/ip-range/tag
  response:
    body:
      string: ''
    headers:
      Cache-Control:
      - no-cache, no-store, max-age=0, must-revalidate
      Connection:
      - keep-alive
      Content-Length:
      - '0'
      Content-Security-Policy:
      - 'default-src ''none''; connect-src ''self'' https://*.auth0.com https://www.google-analytics.com
        https://qadium-prod-django-staticfiles-us-west-2.s3.amazonaws.com https://api.rollbar.com;
        frame-src ''self'' https://qadium.auth0.com; font-src ''self'' data: https://qadium-prod-django-staticfiles-us-west-2.s3.amazonaws.com
        https://fonts.gstatic.com https://*.auth0.com; img-src ''self'' data: https://api.mapbox.com
        https://api.tiles.mapbox.com https://www.google-analytics.com https://www.gravatar.com
        https://online.swagger.io https://cdn.auth0.com; script-src ''self'' https://qadium-prod-django-staticfiles-us-west-2.s3.amazonaws.com
        https://cdnjs.cloudflare.com https://unpkg.com https://cdn.polyfill.io https://cdn.rollbar.com
        https://*.duosecurity.com https://*.googleapis.com https://www.google-analytics.com
        https://*.auth0.com; style-src ''self'' blob: https://qadium-prod-django-staticfiles-us-west-2.s3.amazonaws.com
        https://cdnjs.cloudflare.com https://fonts.googleapis.com ''unsafe-inline'';
        frame-ancestors https://*.mil http://localhost'
      Date:
      - Mon, 22 Nov 2021 22:07:03 GMT
      Expires:
      - '0'
      Pragma:
      - no-cache
      Referrer-Policy:
      - same-origin
      Strict-Transport-Security:
      - '"max-age=31536000; includeSubDomains" always'
      X-Content-Type-Options:
      - nosniff
      X-Frame-Options:
      - DENY
      X-XSS-Protection:
      - 1; mode=block
    status:
      code: 200
      message: ''
- request:
    body: null
    headers:
      Accept:
      - '*/*'
      Accept-Encoding:
      - gzip, deflate
      Authorization:
      - bearer wwwwwwwwwwwwwwwwwwwwwwwwwwwww
      Connection:
      - keep-alive
      Content-Length:
      - '0'
      Content-Type:
      - application/json
      Cookie:
      - JSESSIONID=5BEE7C89E8A3E8F6259438AC76EA229C
      User-Agent:
      - 'Xpanse SDK/1.0.12 (Darwin Kernel Version 19.6.0: Tue Oct 12 18:34:05 PDT
        2021; root:xnu-6153.141.43~1/RELEASE_X86_64) Python/3.9.6 Xpanse'
    method: DELETE
    uri: https://api.expander.expanse.co/api/v2/ip-range/619bec86-f8f1-41ad-b371-9945e271ef80
  response:
    body:
      string: ''
    headers:
      Cache-Control:
      - no-cache, no-store, max-age=0, must-revalidate
      Connection:
      - keep-alive
      Content-Security-Policy:
      - 'default-src ''none''; connect-src ''self'' https://*.auth0.com https://www.google-analytics.com
        https://qadium-prod-django-staticfiles-us-west-2.s3.amazonaws.com https://api.rollbar.com;
        frame-src ''self'' https://qadium.auth0.com; font-src ''self'' data: https://qadium-prod-django-staticfiles-us-west-2.s3.amazonaws.com
        https://fonts.gstatic.com https://*.auth0.com; img-src ''self'' data: https://api.mapbox.com
        https://api.tiles.mapbox.com https://www.google-analytics.com https://www.gravatar.com
        https://online.swagger.io https://cdn.auth0.com; script-src ''self'' https://qadium-prod-django-staticfiles-us-west-2.s3.amazonaws.com
        https://cdnjs.cloudflare.com https://unpkg.com https://cdn.polyfill.io https://cdn.rollbar.com
        https://*.duosecurity.com https://*.googleapis.com https://www.google-analytics.com
        https://*.auth0.com; style-src ''self'' blob: https://qadium-prod-django-staticfiles-us-west-2.s3.amazonaws.com
        https://cdnjs.cloudflare.com https://fonts.googleapis.com ''unsafe-inline'';
        frame-ancestors https://*.mil http://localhost'
      Date:
      - Mon, 22 Nov 2021 22:07:04 GMT
      Expires:
      - '0'
      Pragma:
      - no-cache
      Referrer-Policy:
      - same-origin
      Strict-Transport-Security:
      - '"max-age=31536000; includeSubDomains" always'
      X-Content-Type-Options:
      - nosniff
      X-Frame-Options:
      - DENY
      X-XSS-Protection:
      - 1; mode=block
    status:
      code: 204
      message: ''
version: 1
